
T8570.hs:6:11: error:
    • Couldn't match expected type ‘Image’ with actual type ‘Field’
    • In the pattern: Image {filepath = x}
      In a pattern binding: Image {filepath = x} = logo
      In the expression: let Image {filepath = x} = logo in x

T8570.hs:6:18: error:
    • Constructor ‘Image’ does not have field ‘filepath’
    • In the pattern: Image {filepath = x}
      In a pattern binding: Image {filepath = x} = logo
      In the expression: let Image {filepath = x} = logo in x
