[1 of 1] Compiling Main             ( T18955.hs, interpreted )
Ok, one module loaded.
