
test-defaulting-plugin.hs:22:11: warning: [-Wtype-defaults (in -Wall)]
     Defaulting the following constraint to type ‘0’
        KnownNat a0 arising from a use of ‘q’
     In the first argument of ‘(+)’, namely ‘q’
      In the second argument of ‘($)’, namely ‘q + w’
      In a stmt of a 'do' block: print $ q + w

test-defaulting-plugin.hs:22:15: warning: [-Wtype-defaults (in -Wall)]
     Defaulting the following constraints to type ‘2’
        ((2 <=? a0) ~ 'True)
          arising from a use of ‘w’ at test-defaulting-plugin.hs:22:15
        (KnownNat a0)
          arising from a use of ‘w’ at test-defaulting-plugin.hs:22:15
     In the second argument of ‘(+)’, namely ‘w’
      In the second argument of ‘($)’, namely ‘q + w’
      In a stmt of a 'do' block: print $ q + w
