test-defaulting-plugin-fail.hs:25:19:
     Couldn't match type ‘5 <=? a0’ with ‘'True’
        arising from a use of ‘e’
      The type variable ‘a0’ is ambiguous
     In the second argument of ‘(+)’, namely ‘e’
      In the second argument of ‘($)’, namely ‘q + w + e’
      In a stmt of a 'do' block: print $ q + w + e
